mode: set
github.com/ssklv/mixfood-order-service/internal/usecase/mocks/NotificationHub.go:13.74,15.2 1 0
github.com/ssklv/mixfood-order-service/internal/usecase/mocks/NotificationHub.go:22.21,26.19 3 0
github.com/ssklv/mixfood-order-service/internal/usecase/mocks/NotificationHub.go:26.19,26.49 1 0
github.com/ssklv/mixfood-order-service/internal/usecase/mocks/NotificationHub.go:28.2,28.13 1 0
github.com/ssklv/mixfood-order-service/internal/usecase/mocks/OrderRepository.go:18.83,21.19 2 0
github.com/ssklv/mixfood-order-service/internal/usecase/mocks/OrderRepository.go:21.19,22.48 1 0
github.com/ssklv/mixfood-order-service/internal/usecase/mocks/OrderRepository.go:25.2,26.75 2 0
github.com/ssklv/mixfood-order-service/internal/usecase/mocks/OrderRepository.go:26.75,28.3 1 0
github.com/ssklv/mixfood-order-service/internal/usecase/mocks/OrderRepository.go:28.8,30.3 1 0
github.com/ssklv/mixfood-order-service/internal/usecase/mocks/OrderRepository.go:32.2,32.11 1 0
github.com/ssklv/mixfood-order-service/internal/usecase/mocks/OrderRepository.go:36.109,39.19 2 0
github.com/ssklv/mixfood-order-service/internal/usecase/mocks/OrderRepository.go:39.19,40.54 1 0
github.com/ssklv/mixfood-order-service/internal/usecase/mocks/OrderRepository.go:43.2,45.88 3 0
github.com/ssklv/mixfood-order-service/internal/usecase/mocks/OrderRepository.go:45.88,47.3 1 0
github.com/ssklv/mixfood-order-service/internal/usecase/mocks/OrderRepository.go:48.2,48.79 1 0
github.com/ssklv/mixfood-order-service/internal/usecase/mocks/OrderRepository.go:48.79,50.3 1 0
github.com/ssklv/mixfood-order-service/internal/usecase/mocks/OrderRepository.go:50.8,51.24 1 0
github.com/ssklv/mixfood-order-service/internal/usecase/mocks/OrderRepository.go:51.24,53.4 1 0
github.com/ssklv/mixfood-order-service/internal/usecase/mocks/OrderRepository.go:56.2,56.70 1 0
github.com/ssklv/mixfood-order-service/internal/usecase/mocks/OrderRepository.go:56.70,58.3 1 0
github.com/ssklv/mixfood-order-service/internal/usecase/mocks/OrderRepository.go:58.8,60.3 1 0
github.com/ssklv/mixfood-order-service/internal/usecase/mocks/OrderRepository.go:62.2,62.15 1 0
github.com/ssklv/mixfood-order-service/internal/usecase/mocks/OrderRepository.go:66.122,69.19 2 0
github.com/ssklv/mixfood-order-service/internal/usecase/mocks/OrderRepository.go:69.19,70.53 1 0
github.com/ssklv/mixfood-order-service/internal/usecase/mocks/OrderRepository.go:73.2,75.95 3 0
github.com/ssklv/mixfood-order-service/internal/usecase/mocks/OrderRepository.go:75.95,77.3 1 0
github.com/ssklv/mixfood-order-service/internal/usecase/mocks/OrderRepository.go:78.2,78.86 1 0
github.com/ssklv/mixfood-order-service/internal/usecase/mocks/OrderRepository.go:78.86,80.3 1 0
github.com/ssklv/mixfood-order-service/internal/usecase/mocks/OrderRepository.go:80.8,81.24 1 0
github.com/ssklv/mixfood-order-service/internal/usecase/mocks/OrderRepository.go:81.24,83.4 1 0
github.com/ssklv/mixfood-order-service/internal/usecase/mocks/OrderRepository.go:86.2,86.77 1 0
github.com/ssklv/mixfood-order-service/internal/usecase/mocks/OrderRepository.go:86.77,88.3 1 0
github.com/ssklv/mixfood-order-service/internal/usecase/mocks/OrderRepository.go:88.8,90.3 1 0
github.com/ssklv/mixfood-order-service/internal/usecase/mocks/OrderRepository.go:92.2,92.15 1 0
github.com/ssklv/mixfood-order-service/internal/usecase/mocks/OrderRepository.go:96.102,99.19 2 0
github.com/ssklv/mixfood-order-service/internal/usecase/mocks/OrderRepository.go:99.19,100.54 1 0
github.com/ssklv/mixfood-order-service/internal/usecase/mocks/OrderRepository.go:103.2,105.84 3 0
github.com/ssklv/mixfood-order-service/internal/usecase/mocks/OrderRepository.go:105.84,107.3 1 0
github.com/ssklv/mixfood-order-service/internal/usecase/mocks/OrderRepository.go:108.2,108.75 1 0
github.com/ssklv/mixfood-order-service/internal/usecase/mocks/OrderRepository.go:108.75,110.3 1 0
github.com/ssklv/mixfood-order-service/internal/usecase/mocks/OrderRepository.go:110.8,112.3 1 0
github.com/ssklv/mixfood-order-service/internal/usecase/mocks/OrderRepository.go:114.2,114.75 1 0
github.com/ssklv/mixfood-order-service/internal/usecase/mocks/OrderRepository.go:114.75,116.3 1 0
github.com/ssklv/mixfood-order-service/internal/usecase/mocks/OrderRepository.go:116.8,118.3 1 0
github.com/ssklv/mixfood-order-service/internal/usecase/mocks/OrderRepository.go:120.2,120.15 1 0
github.com/ssklv/mixfood-order-service/internal/usecase/mocks/OrderRepository.go:128.21,132.19 3 0
github.com/ssklv/mixfood-order-service/internal/usecase/mocks/OrderRepository.go:132.19,132.49 1 0
github.com/ssklv/mixfood-order-service/internal/usecase/mocks/OrderRepository.go:134.2,134.13 1 0
github.com/ssklv/mixfood-order-service/internal/usecase/mocks/TokenParser.go:13.78,16.19 2 0
github.com/ssklv/mixfood-order-service/internal/usecase/mocks/TokenParser.go:16.19,17.52 1 0
github.com/ssklv/mixfood-order-service/internal/usecase/mocks/TokenParser.go:20.2,23.68 4 0
github.com/ssklv/mixfood-order-service/internal/usecase/mocks/TokenParser.go:23.68,25.3 1 0
github.com/ssklv/mixfood-order-service/internal/usecase/mocks/TokenParser.go:26.2,26.51 1 0
github.com/ssklv/mixfood-order-service/internal/usecase/mocks/TokenParser.go:26.51,28.3 1 0
github.com/ssklv/mixfood-order-service/internal/usecase/mocks/TokenParser.go:28.8,30.3 1 0
github.com/ssklv/mixfood-order-service/internal/usecase/mocks/TokenParser.go:32.2,32.52 1 0
github.com/ssklv/mixfood-order-service/internal/usecase/mocks/TokenParser.go:32.52,34.3 1 0
github.com/ssklv/mixfood-order-service/internal/usecase/mocks/TokenParser.go:34.8,36.3 1 0
github.com/ssklv/mixfood-order-service/internal/usecase/mocks/TokenParser.go:38.2,38.51 1 0
github.com/ssklv/mixfood-order-service/internal/usecase/mocks/TokenParser.go:38.51,40.3 1 0
github.com/ssklv/mixfood-order-service/internal/usecase/mocks/TokenParser.go:40.8,42.3 1 0
github.com/ssklv/mixfood-order-service/internal/usecase/mocks/TokenParser.go:44.2,44.19 1 0
github.com/ssklv/mixfood-order-service/internal/usecase/mocks/TokenParser.go:52.17,56.19 3 0
github.com/ssklv/mixfood-order-service/internal/usecase/mocks/TokenParser.go:56.19,56.49 1 0
github.com/ssklv/mixfood-order-service/internal/usecase/mocks/TokenParser.go:58.2,58.13 1 0
github.com/ssklv/mixfood-order-service/internal/usecase/orderUsecase.go:14.79,16.2 1 1
github.com/ssklv/mixfood-order-service/internal/usecase/orderUsecase.go:18.125,19.51 1 1
github.com/ssklv/mixfood-order-service/internal/usecase/orderUsecase.go:19.51,21.3 1 0
github.com/ssklv/mixfood-order-service/internal/usecase/orderUsecase.go:23.2,26.35 3 1
github.com/ssklv/mixfood-order-service/internal/usecase/orderUsecase.go:26.35,33.3 2 1
github.com/ssklv/mixfood-order-service/internal/usecase/orderUsecase.go:35.2,44.50 2 1
github.com/ssklv/mixfood-order-service/internal/usecase/orderUsecase.go:44.50,46.3 1 0
github.com/ssklv/mixfood-order-service/internal/usecase/orderUsecase.go:48.2,48.19 1 1
github.com/ssklv/mixfood-order-service/internal/usecase/orderUsecase.go:51.116,52.52 1 1
github.com/ssklv/mixfood-order-service/internal/usecase/orderUsecase.go:52.52,54.3 1 0
github.com/ssklv/mixfood-order-service/internal/usecase/orderUsecase.go:55.2,56.16 2 1
github.com/ssklv/mixfood-order-service/internal/usecase/orderUsecase.go:56.16,58.3 1 1
github.com/ssklv/mixfood-order-service/internal/usecase/orderUsecase.go:60.2,67.12 2 1
github.com/ssklv/mixfood-order-service/internal/usecase/orderUsecase.go:70.116,71.16 1 1
github.com/ssklv/mixfood-order-service/internal/usecase/orderUsecase.go:71.16,73.3 1 1
github.com/ssklv/mixfood-order-service/internal/usecase/orderUsecase.go:74.2,74.16 1 1
github.com/ssklv/mixfood-order-service/internal/usecase/orderUsecase.go:74.16,76.3 1 1
github.com/ssklv/mixfood-order-service/internal/usecase/orderUsecase.go:77.2,77.55 1 1
github.com/ssklv/mixfood-order-service/internal/usecase/orderUsecase.go:80.103,81.16 1 0
github.com/ssklv/mixfood-order-service/internal/usecase/orderUsecase.go:81.16,83.3 1 0
github.com/ssklv/mixfood-order-service/internal/usecase/orderUsecase.go:84.2,84.16 1 0
github.com/ssklv/mixfood-order-service/internal/usecase/orderUsecase.go:84.16,86.3 1 0
github.com/ssklv/mixfood-order-service/internal/usecase/orderUsecase.go:87.2,87.48 1 0
github.com/ssklv/mixfood-order-service/internal/usecase/validation.go:7.63,8.26 1 1
github.com/ssklv/mixfood-order-service/internal/usecase/validation.go:8.26,10.3 1 0
github.com/ssklv/mixfood-order-service/internal/usecase/validation.go:12.2,12.27 1 1
github.com/ssklv/mixfood-order-service/internal/usecase/validation.go:12.27,14.3 1 0
github.com/ssklv/mixfood-order-service/internal/usecase/validation.go:16.2,16.35 1 1
github.com/ssklv/mixfood-order-service/internal/usecase/validation.go:16.35,17.26 1 1
github.com/ssklv/mixfood-order-service/internal/usecase/validation.go:17.26,19.4 1 0
github.com/ssklv/mixfood-order-service/internal/usecase/validation.go:20.3,20.25 1 1
github.com/ssklv/mixfood-order-service/internal/usecase/validation.go:20.25,22.4 1 0
github.com/ssklv/mixfood-order-service/internal/usecase/validation.go:23.3,23.21 1 1
github.com/ssklv/mixfood-order-service/internal/usecase/validation.go:23.21,25.4 1 0
github.com/ssklv/mixfood-order-service/internal/usecase/validation.go:28.2,28.12 1 1
github.com/ssklv/mixfood-order-service/internal/usecase/validation.go:31.65,32.24 1 1
github.com/ssklv/mixfood-order-service/internal/usecase/validation.go:32.24,34.3 1 0
github.com/ssklv/mixfood-order-service/internal/usecase/validation.go:36.2,44.34 2 1
github.com/ssklv/mixfood-order-service/internal/usecase/validation.go:44.34,46.3 1 0
github.com/ssklv/mixfood-order-service/internal/usecase/validation.go:48.2,48.12 1 1
